// Jest Snapshot v1, https://goo.gl/fbAQLP

exports[`ListItemDashboard.vue Snapshot component 1`] = `
<section class="item">
  <figure class="item__photo-container"><img class="item__photo" src="" alt="Photo"></figure>
  <div class="item__texts">
    <p class="item__title">Fórmula de lançamento</p>
    <p class="item__author">Por <strong>Érico Rocha</strong></p>
    <p class="item__description"> Lorem Ipsum is simply dummy text of the printing and typesetting industry. Lorem Ipsum has been the industry's standard dummy text ever since the 1500s, when an unknown printer took a galley of type and scrambled it to make a type specimen book. </p>
  </div>
  <div class="item__buy">
    <div class="item__star-button">
      <p class="item__star-note">3.5</p><img class="item__star" src="" alt="estrela">
    </div>
    <div class="item__buttons">
      <p class="item__price">R$ 2550</p>
      <div class="item__heart-box"><img src="" alt="Amei">
        <p class="item__heart-text">Amei</p>
      </div>
      <div class="item__bag-box"><img src="" alt="Comprar">
        <p class="item__bag-text">Comprar</p>
      </div>
    </div>
  </div>
</section>
`;
